2026-10-06T21:38:23.333600732 [anonymous-instance:main] Running Firecracker v1.16.1
2026-10-06T21:38:23.333701692 [anonymous-instance:main] Listening on API socket ("/var/lib/shroud/sockets/fc_fungos-smoke.sock").
2026-10-06T21:38:23.334250673 [anonymous-instance:fc_api] API server started.
2026-10-06T21:38:23.445361413 [anonymous-instance:fc_api] The API server received a Put request on "/machine-config" with body "{\"mem_size_mib\":128,\"smt\":false,\"vcpu_count\":1}".
2026-10-06T21:38:23.445391353 [anonymous-instance:fc_api] The request was executed successfully. Status code: 204 No Content.
2026-10-06T21:38:23.450248155 [anonymous-instance:fc_api] The API server received a Put request on "/boot-source" with body "{\"boot_args\":\"console=ttyS0 reboot=k panic=1 pci=off init=/init loglevel=5\",\"initrd_path\":\"/var/lib/shroud/images/fungos-smoke/initramfs.cpio\",\"kernel_image_path\":\"/var/lib/shroud/kernels/vmlinux\"}".
2026-10-06T21:38:23.450286405 [anonymous-instance:fc_api] The request was executed successfully. Status code: 204 No Content.
2026-10-06T21:38:23.455532596 [anonymous-instance:fc_api] The API server received a Put request on "/drives/rootfs" with body "{\"drive_id\":\"rootfs\",\"is_read_only\":true,\"is_root_device\":true,\"path_on_host\":\"/var/lib/shroud/images/fungos-smoke/rootfs.sqsh\"}".
2026-10-06T21:38:23.455587786 [anonymous-instance:fc_api] The request was executed successfully. Status code: 204 No Content.
2026-10-06T21:38:23.463957719 [anonymous-instance:fc_api] The API server received a Put request on "/network-interfaces/eth0" with body "{\"guest_mac\":\"02:89:3f:62:98:0c\",\"host_dev_name\":\"sh-tap-893f6298\",\"iface_id\":\"eth0\"}".
2026-10-06T21:38:23.464316569 [anonymous-instance:fc_api] The request was executed successfully. Status code: 204 No Content.
2026-10-06T21:38:23.470025110 [anonymous-instance:fc_api] The API server received a Put request on "/actions" with body "{\"action_type\":\"InstanceStart\"}".
2026-10-06T21:38:23.479808143 [anonymous-instance:main] Artificially kick devices
2026-10-06T21:38:23.479844403 [anonymous-instance:fc_vcpu 0] Received a VcpuEvent::Resume message with immediate_exit enabled. immediate_exit was disabled before proceeding
2026-10-06T21:38:23.479868983 [anonymous-instance:fc_api] The request was executed successfully. Status code: 204 No Content.
2026-10-06T21:38:23.544348271 [anonymous-instance:fc_vcpu 0] vcpu: IO write @ 0xcf8:0x4 failed: bus_error: MissingAddressRange
2026-10-06T21:38:23.544397301 [anonymous-instance:fc_vcpu 0] vcpu: IO read @ 0xcfc:0x2 failed: bus_error: MissingAddressRange
[    0.000000] x86 CPU feature dependency check failure: CPU0 has '18*32+31' enabled but '18*32+26' disabled. Kernel might be fine, but no guarantees.
[    0.092094] PCI: Fatal: No config space access function found
[    0.158325] PCI: System does not support PCI
2026-10-06T21:38:23.869807481 [anonymous-instance:fc_vcpu 0] vcpu: IO read @ 0x87:0x1 failed: bus_error: MissingAddressRange
[    0.330246] i8042: PNP: PS/2 appears to have AUX port disabled, if this is incorrect please boot with i8042.nopnp
[    0.333547] amd_pstate: the _CPC object is not present in SBIOS or ACPI disabled
2026-10-06T21:38:24.052955262 [anonymous-instance:fc_vcpu 0] Invalid MMIO read @ 0xfed803c0:0x4: bus_error: MissingAddressRange
2026-10-06T21:38:24.053001862 [anonymous-instance:fc_vcpu 0] Invalid MMIO read @ 0xfed803c0:0x4: bus_error: MissingAddressRange
Mounted /proc, /sys, /dev, /dev/pts, and /dev/shm.
udhcpc: started, v1.38.0
udhcpc: broadcasting discover
udhcpc: broadcasting select for 172.16.0.100, server 172.16.0.1
udhcpc: lease of 172.16.0.100 obtained from 172.16.0.1, lease time 43200
Starting container/vm entrypoint...
FUNGOS_MICROVM_OK
x86_64
